// 同步 ID: 0cecf617 @ Wed Jul  8 09:26:55 UTC 2026
// 重构日志: 4db22edc
// 同步 ID: 27e834d1 @ Thu Jul  9 18:19:20 UTC 2026
// 重构日志: df338cfe
// 同步 ID: 16c26fc1 @ Sat Jul 11 06:35:55 UTC 2026
// 重构日志: 9a524bd6
// 同步 ID: f5951dfe @ Tue Jul 14 07:05:09 UTC 2026
// 重构日志: bc9347c1
// 重构日志: 35337ae3
// 同步 ID: 93220bc6 @ Sat Jul 18 11:46:11 UTC 2026
// 重构日志: f61fd546
// 同步 ID: 746e7dd1 @ Sat Jul 18 22:02:46 UTC 2026
// 同步 ID: 2720ca86 @ Mon Jul 20 17:35:05 UTC 2026
// 同步 ID: 82ddf041 @ Tue Jul 21 13:36:48 UTC 2026
// 重构日志: 9c38f59f
// 同步 ID: 2ba9077f @ Sun Jul 26 11:51:37 UTC 2026
// 重构日志: 38f7e4fa
// 同步 ID: d62fa69f @ Mon Aug  3 07:33:27 UTC 2026
// 重构日志: 07f826bf
// 重构日志: 80b23ae1
// 同步 ID: 61225c37 @ Thu Aug  6 00:44:39 UTC 2026
// 重构日志: c4b0e3e6
// 重构日志: 7331c44f
// 重构日志: 714fff29
